[Licensing::Module] Trying to connect to existing licensing client channel...
[Licensing::IpcConnector] Successfully connected to: "LicenseClient-xpdoh" at "2026-04-28T07:26:02.9483001Z"
[Licensing::Client] Code 10 while verifying Licensing Client signature (process Id: 30052, path: "E:/Program Files/Unity Hub/UnityLicensingClient_V1/Unity.Licensing.Client.exe")
[Licensing::Module] LicensingClient has failed validation; ignoring
[Licensing::Client] Error: HandshakeResponse reported an error:
	ResponseCode: 505
	ResponseStatus: Unsupported protocol version '1.16.2'.
[Licensing::Module] Error: Failed to handshake to channel: "LicenseClient-xpdoh"
[Licensing::IpcConnector] LicenseClient-xpdoh channel disconnected successfully.
[Licensing::IpcConnector] Successfully connected to: "LicenseClient-xpdoh-6000.1.5" at "2026-04-28T07:26:03.086711Z"
[Licensing::Client] Code 10 while verifying Licensing Client signature (process Id: 11576, path: "E:/Program Files/Unity/Hub/Editor/6000.1.5f1/Editor/Data/Resources/Licensing/Client/Unity.Licensing.Client.exe")
[Licensing::Module] LicensingClient has failed validation; ignoring
[Licensing::Client] Handshaking with LicensingClient:
  Version:                 1.16.2+bdef8f5
  Session Id:              bd51613cb4a14307a02d1671cba961d4
  Correlation Id:          27978b73a5e4081deae2b6044ba5e8c1
  External correlation Id: 5738031291389945064
  Machine Id:              3J+eNWh8zsl+XThyXABAkmETgog=
[Licensing::Module] Successfully connected to LicensingClient on channel: "LicenseClient-xpdoh-6000.1.5" (connect: 0.00s, validation: 0.01s, handshake: 0.06s)
[Licensing::IpcConnector] Successfully connected to: "LicenseClient-xpdoh-6000.1.5-notifications" at "2026-04-28T07:26:03.1650517Z"
[Licensing::Module] Error: Access token is unavailable; failed to update
[Licensing::Client] Successfully resolved entitlement details
[Licensing::Module] Serial number assigned to: "ewogICJzdWJzR3JvdXAiIDogInVuaXR5IGVkaXRvciIsCiAgIm5hbWVzcGFjZSIgOiAidW5pdHlfZWRpdG9yIiwKICAidHlwZSIgOiAiRURJVE9SIiwKICAidGFnIiA6ICJVbml0eVBlcnNvbmFsXXXX"
[Licensing::Client] Successfully updated license, isAync: True, time: 0.68
Built from '6000.1/staging' branch; Version is '6000.1.5f1 (923722cbbcfc) revision 9582370'; Using compiler version '194234433'; Build Type 'Release'
OS: 'Windows 11  (10.0.26200) 64bit CoreCountrySpecific' Language: 'zh' Physical Memory: 32042 MB
[Licensing::Client] Successfully resolved entitlement details
BatchMode: 1, IsHumanControllingUs: 0, StartBugReporterOnCrash: 0, Is64bit: 1, IsPro: 0
Date: 2026-04-28T07:26:03Z

COMMAND LINE ARGUMENTS:
E:\Program Files\Unity\Hub\Editor\6000.1.5f1\Editor\Unity.exe
-batchmode
-projectPath
E:\UnityProgram\Game1
-runTests
-testMode
EditMode
-logFile
E:\UnityProgram\Game1\test_output.txt
Successfully changed project path to: E:\UnityProgram\Game1
E:/UnityProgram/Game1
It looks like another Unity instance is running with this project open.

Multiple Unity instances cannot open the same project.

Project: E:/UnityProgram/Game1
Fatal Error! It looks like another Unity instance is running with this project open.

Multiple Unity instances cannot open the same project.

Project: E:/UnityProgram/Game1
Crash!!!
SymInit: Symbol-SearchPath: 'E:/Program Files/Unity/Hub/Editor/6000.1.5f1/Editor/Data/Mono;.;E:\UnityProgram\Game1;E:\UnityProgram\Game1\Library\BurstCache\JIT;E:\Program Files\Unity\Hub\Editor\6000.1.5f1\Editor;C:\WINDOWS;C:\WINDOWS\system32;', symOptions: 534, UserName: 'xpdoh'
OS-Version: 10.0.0
E:\Program Files\Unity\Hub\Editor\6000.1.5f1\Editor\Unity.exe:Unity.exe (00007FF7CE790000), size: 290816 (result: 0), SymType: '-deferred-', PDB: '', fileVersion: 6000.1.5.14114
C:\WINDOWS\SYSTEM32\ntdll.dll:ntdll.dll (00007FF9AA120000), size: 2519040 (result: 0), SymType: '-deferred-', PDB: '', fileVersion: 10.0.26100.8246
C:\WINDOWS\System32\KERNEL32.DLL:KERNEL32.DLL (00007FF9A9D80000), size: 823296 (result: 0), SymType: '-deferred-', PDB: '', fileVersion: 10.0.26100.8246
C:\WINDOWS\System32\KERNELBASE.dll:KERNELBASE.dll (00007FF9A7AB0000), size: 4145152 (result: 0), SymType: '-deferred-', PDB: '', fileVersion: 10.0.26100.8246
C:\WINDOWS\System32\USER32.dll:USER32.dll (00007FF9A8C00000), size: 1855488 (result: 0), SymType: '-deferred-', PDB: '', fileVersion: 10.0.26100.8246
C:\WINDOWS\System32\win32u.dll:win32u.dll (00007FF9A6BF0000), size: 159744 (result: 0), SymType: '-deferred-', PDB: '', fileVersion: 10.0.26100.8246
C:\WINDOWS\System32\GDI32.dll:GDI32.dll (00007FF9A9D00000), size: 176128 (result: 0), SymType: '-deferred-', PDB: '', fileVersion: 10.0.26100.8036
C:\WINDOWS\System32\gdi32full.dll:gdi32full.dll (00007FF9A6FD0000), size: 1224704 (result: 0), SymType: '-deferred-', PDB: '', fileVersion: 10.0.26100.8246
C:\WINDOWS\System32\msvcp_win.dll:msvcp_win.dll (00007FF9A7100000), size: 667648 (result: 0), SymType: '-deferred-', PDB: '', fileVersion: 10.0.26100.8246
C:\WINDOWS\System32\ucrtbase.dll:ucrtbase.dll (00007FF9A6AA0000), size: 1355776 (result: 0), SymType: '-deferred-', PDB: '', fileVersion: 10.0.26100.8246
C:\WINDOWS\System32\IMM32.DLL:IMM32.DLL (00007FF9A99E0000), size: 204800 (result: 0), SymType: '-deferred-', PDB: '', fileVersion: 10.0.26100.8115
E:\Program Files\Unity\Hub\Editor\6000.1.5f1\Editor\Unity.dll:Unity.dll (00007FF868870000), size: 86880256 (result: 0), SymType: '-deferred-', PDB: '', fileVersion: 6000.1.5.14114
C:\WINDOWS\System32\CRYPT32.dll:CRYPT32.dll (00007FF9A6C20000), size: 1536000 (result: 0), SymType: '-deferred-', PDB: '', fileVersion: 10.0.26100.8115
C:\WINDOWS\System32\ADVAPI32.dll:ADVAPI32.dll (00007FF9A9B10000), size: 745472 (result: 0), SymType: '-deferred-', PDB: '', fileVersion: 10.0.26100.8115
C:\WINDOWS\System32\msvcrt.dll:msvcrt.dll (00007FF9A9930000), size: 692224 (result: 0), SymType: '-deferred-', PDB: '', fileVersion: 7.0.26100.8246
C:\WINDOWS\System32\sechost.dll:sechost.dll (00007FF9A93F0000), size: 684032 (result: 0), SymType: '-deferred-', PDB: '', fileVersion: 10.0.26100.8246
C:\WINDOWS\System32\RPCRT4.dll:RPCRT4.dll (00007FF9A9BD0000), size: 1146880 (result: 0), SymType: '-deferred-', PDB: '', fileVersion: 10.0.26100.8246
C:\WINDOWS\System32\ole32.dll:ole32.dll (00007FF9A8A60000), size: 1667072 (result: 0), SymType: '-deferred-', PDB: '', fileVersion: 10.0.26100.8246
C:\WINDOWS\System32\combase.dll:combase.dll (00007FF9A9060000), size: 3678208 (result: 0), SymType: '-deferred-', PDB: '', fileVersion: 10.0.26100.8246
C:\WINDOWS\System32\SETUPAPI.dll:SETUPAPI.dll (00007FF9A94A0000), size: 4747264 (result: 0), SymType: '-deferred-', PDB: '', fileVersion: 10.0.26100.8115
C:\WINDOWS\System32\SHELL32.dll:SHELL32.dll (00007FF9A82F0000), size: 7761920 (result: 0), SymType: '-deferred-', PDB: '', fileVersion: 10.0.26100.8246
C:\WINDOWS\System32\wintypes.dll:wintypes.dll (00007FF9A6DA0000), size: 1482752 (result: 0), SymType: '-deferred-', PDB: '', fileVersion: 10.0.26100.8246
C:\WINDOWS\System32\SHLWAPI.dll:SHLWAPI.dll (00007FF9A8FF0000), size: 417792 (result: 0), SymType: '-deferred-', PDB: '', fileVersion: 10.0.26100.8115
C:\WINDOWS\System32\Windows.Storage.dll:Windows.Storage.dll (00007FF9A7240000), size: 8814592 (result: 0), SymType: '-deferred-', PDB: '', fileVersion: 10.0.26100.8246
C:\WINDOWS\System32\WS2_32.dll:WS2_32.dll (00007FF9A8E80000), size: 524288 (result: 0), SymType: '-deferred-', PDB: '', fileVersion: 10.0.26100.8246
C:\WINDOWS\System32\OLEAUT32.dll:OLEAUT32.dll (00007FF9A8F10000), size: 884736 (result: 0), SymType: '-deferred-', PDB: '', fileVersion: 10.0.26100.8246
C:\WINDOWS\System32\WINTRUST.dll:WINTRUST.dll (00007FF9A71B0000), size: 532480 (result: 0), SymType: '-deferred-', PDB: '', fileVersion: 10.0.26100.8115
E:\Program Files\Unity\Hub\Editor\6000.1.5f1\Editor\s3tcompress.dll:s3tcompress.dll (00007FF97A8E0000), size: 180224 (result: 0), SymType: '-deferred-', PDB: ''
E:\Program Files\Unity\Hub\Editor\6000.1.5f1\Editor\ispc_texcomp.dll:ispc_texcomp.dll (00007FF945C50000), size: 1826816 (result: 0), SymType: '-deferred-', PDB: ''
E:\Program Files\Unity\Hub\Editor\6000.1.5f1\Editor\libfbxsdk.dll:libfbxsdk.dll (00007FF8C12C0000), size: 8019968 (result: 0), SymType: '-deferred-', PDB: '', fileVersion: 2020.3.7.0
E:\Program Files\Unity\Hub\Editor\6000.1.5f1\Editor\compress_bc7e.dll:compress_bc7e.dll (00007FF960DF0000), size: 1433600 (result: 0), SymType: '-deferred-', PDB: ''
E:\Program Files\Unity\Hub\Editor\6000.1.5f1\Editor\WinPixEventRuntime.dll:WinPixEventRuntime.dll (00007FF99D5A0000), size: 53248 (result: 0), SymType: '-deferred-', PDB: '', fileVersion: 1.0.2201.24001
C:\WINDOWS\SYSTEM32\bcrypt.dll:bcrypt.dll (00007FF9A68E0000), size: 172032 (result: 0), SymType: '-deferred-', PDB: '', fileVersion: 10.0.26100.8246
C:\WINDOWS\WinSxS\amd64_microsoft.windows.common-controls_6595b64144ccf1df_6.0.26100.8115_none_3e075c82e3354f9c\COMCTL32.dll:COMCTL32.dll (00007FF986F70000), size: 2699264 (result: 0), SymType: '-deferred-', PDB: '', fileVersion: 6.10.26100.8115
C:\WINDOWS\SYSTEM32\d3d11.dll:d3d11.dll (00007FF9A49E0000), size: 2502656 (result: 0), SymType: '-deferred-', PDB: '', fileVersion: 10.0.26100.8246
C:\WINDOWS\SYSTEM32\d3d12.dll:d3d12.dll (00007FF98BDD0000), size: 143360 (result: 0), SymType: '-deferred-', PDB: '', fileVersion: 10.0.26100.8115
C:\WINDOWS\SYSTEM32\dwmapi.dll:dwmapi.dll (00007FF9A3660000), size: 192512 (result: 0), SymType: '-deferred-', PDB: '', fileVersion: 10.0.26100.8115
C:\WINDOWS\SYSTEM32\dxgi.dll:dxgi.dll (00007FF9A4C50000), size: 1314816 (result: 0), SymType: '-deferred-', PDB: '', fileVersion: 10.0.26100.8115
C:\WINDOWS\SYSTEM32\HID.DLL:HID.DLL (00007FF9A4E00000), size: 61440 (result: 0), SymType: '-deferred-', PDB: '', fileVersion: 10.0.26100.1150
C:\WINDOWS\SYSTEM32\IPHLPAPI.DLL:IPHLPAPI.DLL (00007FF9A51E0000), size: 204800 (result: 0), SymType: '-deferred-', PDB: '', fileVersion: 10.0.26100.8246
C:\WINDOWS\SYSTEM32\OPENGL32.dll:OPENGL32.dll (00007FF976990000), size: 1110016 (result: 0), SymType: '-deferred-', PDB: '', fileVersion: 10.0.26100.8115
C:\WINDOWS\SYSTEM32\WINHTTP.dll:WINHTTP.dll (00007FF99EF20000), size: 1232896 (result: 0), SymType: '-deferred-', PDB: '', fileVersion: 10.0.26100.8246
C:\WINDOWS\SYSTEM32\WINMM.dll:WINMM.dll (00007FF9966C0000), size: 221184 (result: 0), SymType: '-deferred-', PDB: '', fileVersion: 10.0.26100.8115
C:\WINDOWS\SYSTEM32\GLU32.dll:GLU32.dll (00007FF977150000), size: 184320 (result: 0), SymType: '-deferred-', PDB: '', fileVersion: 10.0.26100.1150
E:\Program Files\Unity\Hub\Editor\6000.1.5f1\Editor\etccompress.dll:etccompress.dll (00007FF8C0DE0000), size: 5070848 (result: 0), SymType: '-deferred-', PDB: ''
E:\Program Files\Unity\Hub\Editor\6000.1.5f1\Editor\umbraoptimizer64.dll:umbraoptimizer64.dll (00007FF979D20000), size: 1187840 (result: 0), SymType: '-deferred-', PDB: ''
E:\Program Files\Unity\Hub\Editor\6000.1.5f1\Editor\OpenRL.dll:OpenRL.dll (0000000180000000), size: 12779520 (result: 0), SymType: '-deferred-', PDB: '', fileVersion: 1.5.0.2907
C:\WINDOWS\SYSTEM32\VERSION.dll:VERSION.dll (00007FF99F580000), size: 45056 (result: 0), SymType: '-deferred-', PDB: '', fileVersion: 10.0.26100.1150
C:\WINDOWS\SYSTEM32\WSOCK32.dll:WSOCK32.dll (00007FF97E8D0000), size: 40960 (result: 0), SymType: '-deferred-', PDB: '', fileVersion: 10.0.26100.1
C:\WINDOWS\SYSTEM32\MSVCP140.dll:MSVCP140.dll (00007FF98B940000), size: 561152 (result: 0), SymType: '-deferred-', PDB: '', fileVersion: 14.44.35211.0
C:\WINDOWS\SYSTEM32\VCRUNTIME140.dll:VCRUNTIME140.dll (00007FF98B9D0000), size: 122880 (result: 0), SymType: '-deferred-', PDB: '', fileVersion: 14.44.35211.0
C:\WINDOWS\SYSTEM32\VCRUNTIME140_1.dll:VCRUNTIME140_1.dll (00007FF98FD00000), size: 49152 (result: 0), SymType: '-deferred-', PDB: '', fileVersion: 14.44.35211.0
C:\WINDOWS\SYSTEM32\powrprof.dll:powrprof.dll (00007FF9A6850000), size: 385024 (result: 0), SymType: '-deferred-', PDB: '', fileVersion: 10.0.26100.3912
E:\Program Files\Unity\Hub\Editor\6000.1.5f1\Editor\SketchUpAPI.dll:SketchUpAPI.dll (00007FF8B6CE0000), size: 8990720 (result: 0), SymType: '-deferred-', PDB: '', fileVersion: 23.0.0.0
C:\WINDOWS\SYSTEM32\MSVCP100.dll:MSVCP100.dll (000000006B1A0000), size: 622592 (result: 0), SymType: '-deferred-', PDB: '', fileVersion: 10.0.40219.325
C:\WINDOWS\SYSTEM32\MSVCR100.dll:MSVCR100.dll (000000006B0C0000), size: 860160 (result: 0), SymType: '-deferred-', PDB: '', fileVersion: 10.0.40219.325
C:\WINDOWS\SYSTEM32\Secur32.dll:Secur32.dll (00007FF9A3350000), size: 53248 (result: 0), SymType: '-deferred-', PDB: '', fileVersion: 10.0.26100.7705
C:\WINDOWS\SYSTEM32\dxcore.dll:dxcore.dll (00007FF9A3B80000), size: 274432 (result: 0), SymType: '-deferred-', PDB: '', fileVersion: 10.0.26100.8115
E:\Program Files\Unity\Hub\Editor\6000.1.5f1\Editor\NativeProxyHelper.dll:NativeProxyHelper.dll (00007FF920640000), size: 1789952 (result: 0), SymType: '-deferred-', PDB: ''
E:\Program Files\Unity\Hub\Editor\6000.1.5f1\Editor\SketchUpCommonPreferences.dll:SketchUpCommonPreferences.dll (00007FF972030000), size: 499712 (result: 0), SymType: '-deferred-', PDB: '', fileVersion: 23.0.0.0
C:\WINDOWS\SYSTEM32\SSPICLI.DLL:SSPICLI.DLL (00007FF9A5A20000), size: 299008 (result: 0), SymType: '-deferred-', PDB: '', fileVersion: 10.0.26100.8115
E:\Program Files\Unity\Hub\Editor\6000.1.5f1\Editor\embree.dll:embree.dll (00007FF8B1F50000), size: 16711680 (result: 0), SymType: '-deferred-', PDB: '', fileVersion: 2.14.0.0
E:\Program Files\Unity\Hub\Editor\6000.1.5f1\Editor\tbb.dll:tbb.dll (00007FF97A730000), size: 303104 (result: 0), SymType: '-deferred-', PDB: '', fileVersion: 2020.3.2022.1111
E:\Program Files\Unity\Hub\Editor\6000.1.5f1\Editor\FreeImage.dll:FreeImage.dll (00000181433F0000), size: 5783552 (result: 0), SymType: '-deferred-', PDB: '', fileVersion: 3.18.0.0
E:\Program Files\Unity\Hub\Editor\6000.1.5f1\Editor\OpenRL_pthread.dll:OpenRL_pthread.dll (0000018143980000), size: 61440 (result: 0), SymType: '-deferred-', PDB: '', fileVersion: 2.9.0.0
C:\WINDOWS\SYSTEM32\cfgmgr32.DLL:cfgmgr32.DLL (00007FF9A6530000), size: 331776 (result: 0), SymType: '-deferred-', PDB: '', fileVersion: 10.0.26100.8115
C:\WINDOWS\SYSTEM32\MSWSOCK.DLL:MSWSOCK.DLL (00007FF9A5CF0000), size: 442368 (result: 0), SymType: '-deferred-', PDB: '', fileVersion: 10.0.26100.8115
C:\WINDOWS\SYSTEM32\UMPDC.dll:UMPDC.dll (00007FF9A6830000), size: 81920 (result: 0), SymType: '-deferred-', PDB: '', fileVersion: 10.0.26100.8115
C:\WINDOWS\SYSTEM32\MSASN1.dll:MSASN1.dll (00007FF9A6100000), size: 77824 (result: 0), SymType: '-deferred-', PDB: '', fileVersion: 10.0.26100.8246
C:\WINDOWS\System32\bcryptprimitives.dll:bcryptprimitives.dll (00007FF9A69F0000), size: 675840 (result: 0), SymType: '-deferred-', PDB: '', fileVersion: 10.0.26100.8246
C:\WINDOWS\SYSTEM32\kernel.appcore.dll:kernel.appcore.dll (00007FF9A5780000), size: 110592 (result: 0), SymType: '-deferred-', PDB: '', fileVersion: 10.0.26100.7920
C:\WINDOWS\system32\uxtheme.dll:uxtheme.dll (00007FF9A3520000), size: 692224 (result: 0), SymType: '-deferred-', PDB: '', fileVersion: 10.0.26100.8115
C:\ProgramData\A-Volute\A-Volute.Nahimic\Modules\Scheduled\x64\AudioDevProps2.dll:AudioDevProps2.dll (00007FF960A70000), size: 1257472 (result: 0), SymType: '-deferred-', PDB: '', fileVersion: 2.6.30.0
C:\WINDOWS\System32\SHCORE.dll:SHCORE.dll (00007FF9A7EB0000), size: 1015808 (result: 0), SymType: '-deferred-', PDB: '', fileVersion: 10.0.26100.8246
C:\WINDOWS\SYSTEM32\profapi.dll:profapi.dll (00007FF9A6910000), size: 167936 (result: 0), SymType: '-deferred-', PDB: '', fileVersion: 10.0.26100.8115
C:\WINDOWS\SYSTEM32\CRYPTSP.dll:CRYPTSP.dll (00007FF9A5FD0000), size: 110592 (result: 0), SymType: '-deferred-', PDB: '', fileVersion: 10.0.26100.8246
C:\WINDOWS\system32\rsaenh.dll:rsaenh.dll (00007FF9A56E0000), size: 233472 (result: 0), SymType: '-deferred-', PDB: '', fileVersion: 10.0.26100.7705
C:\WINDOWS\SYSTEM32\CRYPTBASE.dll:CRYPTBASE.dll (00007FF9A5FF0000), size: 49152 (result: 0), SymType: '-deferred-', PDB: '', fileVersion: 10.0.26100.8246
C:\WINDOWS\System32\imagehlp.dll:imagehlp.dll (00007FF9A8DD0000), size: 131072 (result: 0), SymType: '-deferred-', PDB: '', fileVersion: 10.0.26100.4202
C:\WINDOWS\SYSTEM32\gpapi.dll:gpapi.dll (00007FF9A5D60000), size: 196608 (result: 0), SymType: '-deferred-', PDB: '', fileVersion: 10.0.26100.8246
C:\Windows\System32\cryptnet.dll:cryptnet.dll (00007FF99E450000), size: 241664 (result: 0), SymType: '-deferred-', PDB: '', fileVersion: 10.0.26100.8115
C:\WINDOWS\SYSTEM32\WINNSI.DLL:WINNSI.DLL (00007FF9A34D0000), size: 57344 (result: 0), SymType: '-deferred-', PDB: '', fileVersion: 10.0.26100.8246
C:\WINDOWS\System32\NSI.dll:NSI.dll (00007FF9AA0B0000), size: 40960 (result: 0), SymType: '-deferred-', PDB: '', fileVersion: 10.0.26100.8246
C:\WINDOWS\system32\IconCodecService.dll:IconCodecService.dll (00007FF9331A0000), size: 45056 (result: 0), SymType: '-deferred-', PDB: '', fileVersion: 10.0.26100.1
C:\WINDOWS\SYSTEM32\WindowsCodecs.dll:WindowsCodecs.dll (00007FF9A2710000), size: 2285568 (result: 0), SymType: '-deferred-', PDB: '', fileVersion: 10.0.26100.8115
C:\WINDOWS\System32\clbcatq.dll:clbcatq.dll (00007FF9A8220000), size: 712704 (result: 0), SymType: '-deferred-', PDB: '', fileVersion: 2001.12.10941.16384
C:\WINDOWS\System32\netprofm.dll:netprofm.dll (00007FF9A0AB0000), size: 450560 (result: 0), SymType: '-deferred-', PDB: '', fileVersion: 10.0.26100.8115
C:\WINDOWS\System32\npmproxy.dll:npmproxy.dll (00007FF99DD30000), size: 102400 (result: 0), SymType: '-deferred-', PDB: '', fileVersion: 10.0.26100.8115
C:\WINDOWS\SYSTEM32\dbghelp.dll:dbghelp.dll (00007FF9A4790000), size: 2367488 (result: 0), SymType: '-deferred-', PDB: '', fileVersion: 10.0.26100.5074

========== OUTPUTTING STACK TRACE ==================

0x00007FF9A7B779DA (KERNELBASE) RaiseException
0x00007FF86A437009 (Unity) EditorMonoConsole::LogToConsoleImplementation
0x00007FF86A437CF0 (Unity) EditorMonoConsole::LogToConsoleImplementation
0x00007FF86B0B532D (Unity) DebugStringToFilePostprocessedStacktrace
0x00007FF86B0B46A9 (Unity) DebugStringToFile
0x00007FF86A5357F5 (Unity) HandleProjectAlreadyOpenInAnotherInstance
0x00007FF86A5376F2 (Unity) Application::InitializeProject
0x00007FF86AB20583 (Unity) UnityMain
0x00007FF7CE792F2A (Unity) __scrt_common_main_seh
0x00007FF9A9DAE8D7 (KERNEL32) BaseThreadInitThunk
0x00007FF9AA1AC3FC (ntdll) RtlUserThreadStart

========== END OF STACKTRACE ===========

A crash has been intercepted by the crash handler. For call stack and other details, see the latest crash report generated in:
 * C:/Users/xpdoh/AppData/Local/Temp/Unity/Editor/Crashes
